<?php
  /**
   * Pantheon drush alias file, to be placed in your ~/.drush directory or the aliases
   * directory of your local Drush home. Once it's in place, clear drush cache:
   *
   * drush cc drush
   *
   * To see all your available aliases:
   *
   * drush sa
   *
   * See http://helpdesk.getpantheon.com/customer/portal/articles/411388 for details.
   */
  $aliases['agency.live'] = array(
    'uri' => 'live-agency.pantheonsite.io',
    'db-url' => 'mysql://pantheon:00000000000000000000000000000000@dbserver.live.00000000-0000-0000-0000-000000000000.drush.in:00000/pantheon',
    'db-allows-remote' => TRUE,
    'remote-host' => 'appserver.live.00000000-0000-0000-0000-000000000000.drush.in',
    'remote-user' => 'live.00000000-0000-0000-0000-000000000000',
    'ssh-options' => '-p 2222 -o "AddressFamily inet"',
    'path-aliases' => array(
      '%files' => 'files',
     ),
  );

  $aliases['agency.test'] = array(
    'uri' => 'test-agency.pantheonsite.io',
    'db-url' => 'mysql://pantheon:11111111111111111111111111111111@dbserver.test.11111111-1111-1111-1111-111111111111.drush.in:11111/pantheon',
    'db-allows-remote' => TRUE,
    'remote-host' => 'appserver.test.11111111-1111-1111-1111-111111111111.drush.in',
    'remote-user' => 'test.11111111-1111-1111-1111-111111111111',
    'ssh-options' => '-p 2222 -o "AddressFamily inet"',
    'path-aliases' => array(
      '%files' => 'files',
     ),
  );

  $aliases['agency.dev'] = array(
    'uri' => 'dev-agency.pantheonsite.io',
    'db-url' => 'mysql://pantheon:22222222222222222222222222222222@dbserver.dev.22222222-2222-2222-2222-222222222222.drush.in:22222/pantheon',
    'db-allows-remote' => TRUE,
    'remote-host' => 'appserver.dev.22222222-2222-2222-2222-222222222222.drush.in',
    'remote-user' => 'dev.22222222-2222-2222-2222-222222222222',
    'ssh-options' => '-p 2222 -o "AddressFamily inet"',
    'path-aliases' => array(
      '%files' => 'files',
     ),
  );

  $aliases['agency.feature8'] = array(
    'uri' => 'feature8-agency.pantheonsite.io',
    'db-url' => 'mysql://pantheon:33333333333333333333333333333333@dbserver.feature8.33333333-3333-3333-3333-333333333333.drush.in:33333/pantheon',
    'db-allows-remote' => TRUE,
    'remote-host' => 'appserver.feature8.33333333-3333-3333-3333-333333333333.drush.in',
    'remote-user' => 'feature8.33333333-3333-3333-3333-333333333333',
    'ssh-options' => '-p 2222 -o "AddressFamily inet"',
    'path-aliases' => array(
      '%files' => 'files',
     ),
  );

  $aliases['agency.feature24'] = array(
    'uri' => 'feature24-agency.pantheonsite.io',
    'db-url' => 'mysql://pantheon:44444444444444444444444444444444@dbserver.feature24.44444444-4444-4444-4444-444444444444.drush.in:44444/pantheon',
    'db-allows-remote' => TRUE,
    'remote-host' => 'appserver.feature24.44444444-4444-4444-4444-444444444444.drush.in',
    'remote-user' => 'feature24.44444444-4444-4444-4444-444444444444',
    'ssh-options' => '-p 2222 -o "AddressFamily inet"',
    'path-aliases' => array(
      '%files' => 'files',
     ),
  );

  $aliases['agency.feature101'] = array(
    'uri' => 'feature101-agency.pantheonsite.io',
    'db-url' => 'mysql://pantheon:55555555555555555555555555555555@dbserver.feature101.55555555-5555-5555-5555-555555555555.drush.in:55555/pantheon',
    'db-allows-remote' => TRUE,
    'remote-host' => 'appserver.feature101.55555555-5555-5555-5555-555555555555.drush.in',
    'remote-user' => 'feature101.55555555-5555-5555-5555-555555555555',
    'ssh-options' => '-p 2222 -o "AddressFamily inet"',
    'path-aliases' => array(
      '%files' => 'files',
     ),
  );

  $aliases['demo.live'] = array(
    'uri' => 'live-demo.pantheonsite.io',
    'db-url' => 'mysql://pantheon:00000000000000000000000000000000@dbserver.live.00000000-0000-0000-0000-000000000000.drush.in:00000/pantheon',
    'db-allows-remote' => TRUE,
    'remote-host' => 'appserver.live.00000000-0000-0000-0000-000000000000.drush.in',
    'remote-user' => 'live.00000000-0000-0000-0000-000000000000',
    'ssh-options' => '-p 2222 -o "AddressFamily inet"',
    'path-aliases' => array(
      '%files' => 'files',
     ),
  );

  $aliases['demo.test'] = array(
    'uri' => 'test-demo.pantheonsite.io',
    'db-url' => 'mysql://pantheon:11111111111111111111111111111111@dbserver.test.11111111-1111-1111-1111-111111111111.drush.in:11111/pantheon',
    'db-allows-remote' => TRUE,
    'remote-host' => 'appserver.test.11111111-1111-1111-1111-111111111111.drush.in',
    'remote-user' => 'test.11111111-1111-1111-1111-111111111111',
    'ssh-options' => '-p 2222 -o "AddressFamily inet"',
    'path-aliases' => array(
      '%files' => 'files',
     ),
  );

  $aliases['demo.dev'] = array(
    'uri' => 'dev-demo.pantheonsite.io',
    'db-url' => 'mysql://pantheon:22222222222222222222222222222222@dbserver.dev.22222222-2222-2222-2222-222222222222.drush.in:22222/pantheon',
    'db-allows-remote' => TRUE,
    'remote-host' => 'appserver.dev.22222222-2222-2222-2222-222222222222.drush.in',
    'remote-user' => 'dev.22222222-2222-2222-2222-222222222222',
    'ssh-options' => '-p 2222 -o "AddressFamily inet"',
    'path-aliases' => array(
      '%files' => 'files',
     ),
  );

  $aliases['demo.multidev'] = array(
    'uri' => 'multidev-demo.pantheonsite.io',
    'db-url' => 'mysql://pantheon:33333333333333333333333333333333@dbserver.multidev.33333333-3333-3333-3333-333333333333.drush.in:33333/pantheon',
    'db-allows-remote' => TRUE,
    'remote-host' => 'appserver.multidev.33333333-3333-3333-3333-333333333333.drush.in',
    'remote-user' => 'multidev.33333333-3333-3333-3333-333333333333',
    'ssh-options' => '-p 2222 -o "AddressFamily inet"',
    'path-aliases' => array(
      '%files' => 'files',
     ),
  );

  $aliases['personalsite.live'] = array(
    'uri' => 'live-personalsite.pantheonsite.io',
    'db-url' => 'mysql://pantheon:00000000000000000000000000000000@dbserver.live.00000000-0000-0000-0000-000000000000.drush.in:00000/pantheon',
    'db-allows-remote' => TRUE,
    'remote-host' => 'appserver.live.00000000-0000-0000-0000-000000000000.drush.in',
    'remote-user' => 'live.00000000-0000-0000-0000-000000000000',
    'ssh-options' => '-p 2222 -o "AddressFamily inet"',
    'path-aliases' => array(
      '%files' => 'files',
     ),
  );

  $aliases['personalsite.test'] = array(
    'uri' => 'test-personalsite.pantheonsite.io',
    'db-url' => 'mysql://pantheon:11111111111111111111111111111111@dbserver.test.11111111-1111-1111-1111-111111111111.drush.in:11111/pantheon',
    'db-allows-remote' => TRUE,
    'remote-host' => 'appserver.test.11111111-1111-1111-1111-111111111111.drush.in',
    'remote-user' => 'test.11111111-1111-1111-1111-111111111111',
    'ssh-options' => '-p 2222 -o "AddressFamily inet"',
    'path-aliases' => array(
      '%files' => 'files',
     ),
  );

  $aliases['personalsite.dev'] = array(
    'uri' => 'dev-personalsite.pantheonsite.io',
    'db-url' => 'mysql://pantheon:22222222222222222222222222222222@dbserver.dev.22222222-2222-2222-2222-222222222222.drush.in:22222/pantheon',
    'db-allows-remote' => TRUE,
    'remote-host' => 'appserver.dev.22222222-2222-2222-2222-222222222222.drush.in',
    'remote-user' => 'dev.22222222-2222-2222-2222-222222222222',
    'ssh-options' => '-p 2222 -o "AddressFamily inet"',
    'path-aliases' => array(
      '%files' => 'files',
     ),
  );
